error: unsupported by #[remain::sorted]
 --> $DIR/tests/ui/unsupported.rs:7:9
  |
7 |         0..=20 => {}
  |         ^^^^^^
